<html>
<body>
<pre>
<h1>µVision Build Log</h1>
<h2>Tool Versions:</h2>
IDE-Version: ¦ÌVision V5.25.2.0
Copyright (C) 2018 ARM Ltd and ARM Germany GmbH. All rights reserved.
License Information: 333 333, 333, LIC=KIVPC-7LFKJ-68FFC-7H3HP-JBCK6-0WEQU
 
Tool Versions:
Toolchain:       MDK-ARM Professional  Version: 5.25.2.0
Toolchain Path:  D:\Keil_v5\ARM\ARMCC\Bin
C Compiler:      Armcc.exe V5.06 update 6 (build 750)
Assembler:       Armasm.exe V5.06 update 6 (build 750)
Linker/Locator:  ArmLink.exe V5.06 update 6 (build 750)
Library Manager: ArmAr.exe V5.06 update 6 (build 750)
Hex Converter:   FromElf.exe V5.06 update 6 (build 750)
CPU DLL:         SARMCM3.DLL V5.25.2.0
Dialog DLL:      DCM.DLL V1.17.1.0
Target DLL:      Segger\JL2CM3.dll V2.99.29.0
Dialog DLL:      TCM.DLL V1.35.1.0
 
<h2>Project:</h2>
E:\Project\YK_BLE_MESH_RGB_CW\Firmware\FR8010H\YK_FR8010H_SDK\examples\developing\ble_mesh_PB_Remote\keil\ble_mesh.uvprojx
Project File Date:  07/14/2021

<h2>Output:</h2>
*** Using Compiler 'V5.06 update 6 (build 750)', folder: 'D:\Keil_v5\ARM\ARMCC\Bin'
Build target 'ble_mesh'
compiling APP_TC_OTA.c...
linking...
Program Size: Code=186050 RO-data=9686 RW-data=1400 ZI-data=4648  
FromELF: creating hex file...
After Build - User command #1: fromelf.exe  --text  -c -o Output/ble_mesh.txt  Objects/ble_mesh.axf
After Build - User command #2: fromelf.exe  --bin -o Output/ble_mesh.bin  Objects/ble_mesh.axf
".\Objects\ble_mesh.axf" - 0 Error(s), 0 Warning(s).

<h2>Software Packages used:</h2>

Package Vendor: ARM
                http://www.keil.com/pack/ARM.CMSIS.5.7.0.pack
                ARM.CMSIS.5.7.0
                CMSIS (Cortex Microcontroller Software Interface Standard)

<h2>Collection of Component include folders:</h2>
  .\RTE\_ble_mesh
  D:\Keil_v5\ARM\PACK\ARM\CMSIS\5.7.0\Device\ARM\ARMCM3\Include

<h2>Collection of Component Files used:</h2>
Build Time Elapsed:  00:00:03
</pre>
</body>
</html>
