<html>
<body>
<pre>
<h1>µVision Build Log</h1>
<h2>Tool Versions:</h2>
IDE-Version: ¦ÌVision V5.25.2.0
Copyright (C) 2018 ARM Ltd and ARM Germany GmbH. All rights reserved.
License Information: 333 333, 333, LIC=KIVPC-7LFKJ-68FFC-7H3HP-JBCK6-0WEQU
 
Tool Versions:
Toolchain:       MDK-ARM Professional  Version: 5.25.2.0
Toolchain Path:  D:\Keil_v5\ARM\ARMCC\Bin
C Compiler:      Armcc.exe V5.06 update 6 (build 750)
Assembler:       Armasm.exe V5.06 update 6 (build 750)
Linker/Locator:  ArmLink.exe V5.06 update 6 (build 750)
Library Manager: ArmAr.exe V5.06 update 6 (build 750)
Hex Converter:   FromElf.exe V5.06 update 6 (build 750)
CPU DLL:         SARMCM3.DLL V5.25.2.0
Dialog DLL:      DCM.DLL V1.17.1.0
Target DLL:      Segger\JL2CM3.dll V2.99.29.0
Dialog DLL:      TCM.DLL V1.35.1.0
 
<h2>Project:</h2>
E:\Project\YK_BLE_MESH_RGB_CW\Firmware\FR8010H\YK_FR8010H_SDK\examples\developing\ble_mesh_PB_Remote\keil\ble_mesh.uvprojx
Project File Date:  07/15/2021

<h2>Output:</h2>
*** Using Compiler 'V5.06 update 6 (build 750)', folder: 'D:\Keil_v5\ARM\ARMCC\Bin'
Rebuild target 'ble_mesh'
compiling YK_APP.c...
compiling APP_MESH.c...
compiling APP_MEM.c...
compiling APP_Platfrom.c...
compiling APP_Google.c...
compiling APP_TC_OTA.c...
compiling APP_Light.c...
compiling BSP_LED.c...
compiling BSP.c...
compiling BSP_TIMER.c...
compiling BSP_UART.c...
compiling APP_BLE.c...
compiling FR801x_it.c...
compiling BSP_PWM.c...
compiling Common.c...
compiling BSP_BP1658CJ.c...
compiling BSP_IIC.c...
compiling BSP_IAP.c...
compiling BSP_SM2135EJ.c...
compiling model_common.c...
compiling generic_onoff_server.c...
compiling generic_dtt_server.c...
compiling generic_level_server.c...
compiling generic_ponoff_setup_server.c...
compiling light_lightness_setup_server.c...
compiling light_ctl_setup_server.c...
compiling light_hsl_hue_server.c...
compiling light_hsl_saturation_server.c...
compiling light_hsl_setup_server.c...
compiling light_status.c...
compiling blob_transfer_server.c...
compiling blob_procedure_server.c...
compiling firmware_update_procedure_server.c...
compiling Google_Service.c...
compiling firmware_update_server.c...
compiling TC_OTA_Service.c...
compiling pb_remote_central.c...
compiling sig_mesh_info.c...
compiling driver_codec.c...
compiling proj_main.c...
compiling driver_efuse.c...
compiling sig_mesh_led.c...
compiling driver_i2s.c...
compiling driver_keyscan.c...
compiling driver_iic.c...
compiling driver_wdt.c...
compiling driver_pmu_qdec.c...
compiling driver_pmu.c...
compiling driver_pmu_pwm.c...
compiling driver_timer.c...
compiling driver_ssp.c...
compiling driver_rtc.c...
compiling driver_exti.c...
assembling app_boot_vectors.s...
compiling driver_pwm.c...
compiling driver_uart.c...
compiling core_cm3_isr.c...
compiling aes_cbc.c...
compiling sha256.c...
compiling patch.c...
linking...
Program Size: Code=186050 RO-data=9686 RW-data=1400 ZI-data=4648  
FromELF: creating hex file...
After Build - User command #1: fromelf.exe  --text  -c -o Output/ble_mesh.txt  Objects/ble_mesh.axf
After Build - User command #2: fromelf.exe  --bin -o Output/ble_mesh.bin  Objects/ble_mesh.axf
".\Objects\ble_mesh.axf" - 0 Error(s), 0 Warning(s).

<h2>Software Packages used:</h2>

Package Vendor: ARM
                http://www.keil.com/pack/ARM.CMSIS.5.7.0.pack
                ARM.CMSIS.5.7.0
                CMSIS (Cortex Microcontroller Software Interface Standard)

<h2>Collection of Component include folders:</h2>
  .\RTE\_ble_mesh
  D:\Keil_v5\ARM\PACK\ARM\CMSIS\5.7.0\Device\ARM\ARMCM3\Include

<h2>Collection of Component Files used:</h2>
Build Time Elapsed:  00:00:06
</pre>
</body>
</html>
